2026-06-15 18:22:28 | INFO     | __main__ - ==================================================
2026-06-15 18:22:28 | INFO     | __main__ - Step 1: Preparing profile documents (CV + GitHub)
2026-06-15 18:22:28 | INFO     | __main__ - ==================================================
2026-06-15 18:22:28 | WARNING  | __main__ - CV not found at data\my_cv.pdf. Proceeding without it.
2026-06-15 18:22:28 | INFO     | profile.github_fetcher - GitHub fetcher initialized with token (REST: 5000/hour, GraphQL enabled)
2026-06-15 18:22:28 | INFO     | profile.github_fetcher - Fetching GitHub data for @MohammedAymen...
2026-06-15 18:22:39 | WARNING  | profile.github_fetcher - GraphQL request failed, retrying in 1s: HTTPSConnectionPool(host='api.github.com', port=443): Max retries exceeded with url: /graphql (Caused by NameResolutionError("<urllib3.connection.HTTPSConnection object at 0x0000015FEF3836D0>: Failed to resolve 'api.github.com' ([Errno 11001] getaddrinfo failed)"))
2026-06-15 18:22:40 | WARNING  | profile.github_fetcher - GraphQL request failed, retrying in 2s: HTTPSConnectionPool(host='api.github.com', port=443): Max retries exceeded with url: /graphql (Caused by NameResolutionError("<urllib3.connection.HTTPSConnection object at 0x0000015FEF383AF0>: Failed to resolve 'api.github.com' ([Errno 11001] getaddrinfo failed)"))
2026-06-15 18:22:42 | WARNING  | profile.github_fetcher - GraphQL request failed, retrying in 4s: HTTPSConnectionPool(host='api.github.com', port=443): Max retries exceeded with url: /graphql (Caused by NameResolutionError("<urllib3.connection.HTTPSConnection object at 0x0000015FEF383E50>: Failed to resolve 'api.github.com' ([Errno 11001] getaddrinfo failed)"))
2026-06-15 18:22:46 | ERROR    | profile.github_fetcher - GraphQL request failed after retries: HTTPSConnectionPool(host='api.github.com', port=443): Max retries exceeded with url: /graphql (Caused by NameResolutionError("<urllib3.connection.HTTPSConnection object at 0x0000015FEF39F1F0>: Failed to resolve 'api.github.com' ([Errno 11001] getaddrinfo failed)"))
2026-06-15 18:22:46 | WARNING  | profile.github_fetcher - Request failed (attempt 1/4): HTTPSConnectionPool(host='api.github.com', port=443): Max retries exceeded with url: /users/MohammedAymen (Caused by NameResolutionError("<urllib3.connection.HTTPSConnection object at 0x0000015FEF39F550>: Failed to resolve 'api.github.com' ([Errno 11001] getaddrinfo failed)")). Retrying in 1s...
2026-06-15 18:22:47 | WARNING  | profile.github_fetcher - Request failed (attempt 2/4): HTTPSConnectionPool(host='api.github.com', port=443): Max retries exceeded with url: /users/MohammedAymen (Caused by NameResolutionError("<urllib3.connection.HTTPSConnection object at 0x0000015FEF383DC0>: Failed to resolve 'api.github.com' ([Errno 11001] getaddrinfo failed)")). Retrying in 2s...
2026-06-15 18:22:49 | WARNING  | profile.github_fetcher - Request failed (attempt 3/4): HTTPSConnectionPool(host='api.github.com', port=443): Max retries exceeded with url: /users/MohammedAymen (Caused by NameResolutionError("<urllib3.connection.HTTPSConnection object at 0x0000015FEF383AC0>: Failed to resolve 'api.github.com' ([Errno 11001] getaddrinfo failed)")). Retrying in 4s...
2026-06-15 18:22:53 | ERROR    | profile.github_fetcher - Request failed after 3 retries: HTTPSConnectionPool(host='api.github.com', port=443): Max retries exceeded with url: /users/MohammedAymen (Caused by NameResolutionError("<urllib3.connection.HTTPSConnection object at 0x0000015FEF3832B0>: Failed to resolve 'api.github.com' ([Errno 11001] getaddrinfo failed)"))
2026-06-15 18:22:53 | ERROR    | profile.github_fetcher - Could not fetch profile for @MohammedAymen
2026-06-15 18:22:53 | INFO     | __main__ - Loaded 0 chunks from GitHub
2026-06-15 18:22:53 | ERROR    | __main__ - No profile data found. Exiting.
2026-06-15 18:24:28 | INFO     | __main__ - ==================================================
2026-06-15 18:24:28 | INFO     | __main__ - Step 1: Preparing profile documents (CV + GitHub)
2026-06-15 18:24:28 | INFO     | __main__ - ==================================================
2026-06-15 18:24:28 | INFO     | profile.cv_parser - CV extracted via PyMuPDF: 3593 chars
2026-06-15 18:24:28 | INFO     | profile.cv_parser - CV split into 9 chunks (chunk_size=500, overlap=100)
2026-06-15 18:24:28 | INFO     | __main__ - Loaded 9 chunks from CV
2026-06-15 18:24:28 | INFO     | profile.github_fetcher - GitHub fetcher initialized with token (REST: 5000/hour, GraphQL enabled)
2026-06-15 18:24:28 | INFO     | profile.github_fetcher - Fetching GitHub data for @MohammedAymen...
2026-06-15 18:24:28 | WARNING  | profile.github_fetcher - GraphQL request failed, retrying in 1s: HTTPSConnectionPool(host='api.github.com', port=443): Max retries exceeded with url: /graphql (Caused by NameResolutionError("<urllib3.connection.HTTPSConnection object at 0x000002545D2AE6D0>: Failed to resolve 'api.github.com' ([Errno 11001] getaddrinfo failed)"))
2026-06-15 18:24:29 | WARNING  | profile.github_fetcher - GraphQL request failed, retrying in 2s: HTTPSConnectionPool(host='api.github.com', port=443): Max retries exceeded with url: /graphql (Caused by NameResolutionError("<urllib3.connection.HTTPSConnection object at 0x000002545D2AEAF0>: Failed to resolve 'api.github.com' ([Errno 11001] getaddrinfo failed)"))
2026-06-15 18:24:31 | WARNING  | profile.github_fetcher - GraphQL request failed, retrying in 4s: HTTPSConnectionPool(host='api.github.com', port=443): Max retries exceeded with url: /graphql (Caused by NameResolutionError("<urllib3.connection.HTTPSConnection object at 0x000002545D2AEE50>: Failed to resolve 'api.github.com' ([Errno 11001] getaddrinfo failed)"))
2026-06-15 18:24:35 | ERROR    | profile.github_fetcher - GraphQL request failed after retries: HTTPSConnectionPool(host='api.github.com', port=443): Max retries exceeded with url: /graphql (Caused by NameResolutionError("<urllib3.connection.HTTPSConnection object at 0x000002545D2C81F0>: Failed to resolve 'api.github.com' ([Errno 11001] getaddrinfo failed)"))
2026-06-15 18:24:35 | WARNING  | profile.github_fetcher - Request failed (attempt 1/4): HTTPSConnectionPool(host='api.github.com', port=443): Max retries exceeded with url: /users/MohammedAymen (Caused by NameResolutionError("<urllib3.connection.HTTPSConnection object at 0x000002545D2C8550>: Failed to resolve 'api.github.com' ([Errno 11001] getaddrinfo failed)")). Retrying in 1s...
2026-06-15 18:24:36 | WARNING  | profile.github_fetcher - Request failed (attempt 2/4): HTTPSConnectionPool(host='api.github.com', port=443): Max retries exceeded with url: /users/MohammedAymen (Caused by NameResolutionError("<urllib3.connection.HTTPSConnection object at 0x000002545D2AEEB0>: Failed to resolve 'api.github.com' ([Errno 11001] getaddrinfo failed)")). Retrying in 2s...
2026-06-15 18:24:38 | WARNING  | profile.github_fetcher - Request failed (attempt 3/4): HTTPSConnectionPool(host='api.github.com', port=443): Max retries exceeded with url: /users/MohammedAymen (Caused by NameResolutionError("<urllib3.connection.HTTPSConnection object at 0x000002545D2AE9D0>: Failed to resolve 'api.github.com' ([Errno 11001] getaddrinfo failed)")). Retrying in 4s...
2026-06-15 18:24:42 | ERROR    | profile.github_fetcher - Request failed after 3 retries: HTTPSConnectionPool(host='api.github.com', port=443): Max retries exceeded with url: /users/MohammedAymen (Caused by NameResolutionError("<urllib3.connection.HTTPSConnection object at 0x000002545D2AE280>: Failed to resolve 'api.github.com' ([Errno 11001] getaddrinfo failed)"))
2026-06-15 18:24:42 | ERROR    | profile.github_fetcher - Could not fetch profile for @MohammedAymen
2026-06-15 18:24:42 | INFO     | __main__ - Loaded 0 chunks from GitHub
2026-06-15 18:24:42 | DEBUG    | profile.embedder - Nomic model detected: auto-applying search_document:/search_query: prefixes
2026-06-15 18:24:42 | INFO     | profile.embedder - Loading embedding model: nomic-ai/nomic-embed-text-v1.5
2026-06-15 18:26:17 | INFO     | __main__ - ==================================================
2026-06-15 18:26:17 | INFO     | __main__ - Step 1: Preparing profile documents (CV + GitHub)
2026-06-15 18:26:17 | INFO     | __main__ - ==================================================
2026-06-15 18:26:17 | INFO     | profile.cv_parser - CV extracted via PyMuPDF: 3593 chars
2026-06-15 18:26:17 | INFO     | profile.cv_parser - CV split into 9 chunks (chunk_size=500, overlap=100)
2026-06-15 18:26:17 | INFO     | __main__ - Loaded 9 chunks from CV
2026-06-15 18:26:17 | INFO     | profile.github_fetcher - GitHub fetcher initialized with token (REST: 5000/hour, GraphQL enabled)
2026-06-15 18:26:17 | INFO     | profile.github_fetcher - Fetching GitHub data for @MohammedAymen...
2026-06-15 18:26:17 | WARNING  | profile.github_fetcher - GraphQL request failed, retrying in 1s: HTTPSConnectionPool(host='api.github.com', port=443): Max retries exceeded with url: /graphql (Caused by NameResolutionError("<urllib3.connection.HTTPSConnection object at 0x000002419E4AB760>: Failed to resolve 'api.github.com' ([Errno 11001] getaddrinfo failed)"))
2026-06-15 18:26:18 | WARNING  | profile.github_fetcher - GraphQL request failed, retrying in 2s: HTTPSConnectionPool(host='api.github.com', port=443): Max retries exceeded with url: /graphql (Caused by NameResolutionError("<urllib3.connection.HTTPSConnection object at 0x000002419E4ABB80>: Failed to resolve 'api.github.com' ([Errno 11001] getaddrinfo failed)"))
2026-06-15 18:26:20 | WARNING  | profile.github_fetcher - GraphQL request failed, retrying in 4s: HTTPSConnectionPool(host='api.github.com', port=443): Max retries exceeded with url: /graphql (Caused by NameResolutionError("<urllib3.connection.HTTPSConnection object at 0x000002419E4ABEE0>: Failed to resolve 'api.github.com' ([Errno 11001] getaddrinfo failed)"))
2026-06-15 18:26:24 | ERROR    | profile.github_fetcher - GraphQL request failed after retries: HTTPSConnectionPool(host='api.github.com', port=443): Max retries exceeded with url: /graphql (Caused by NameResolutionError("<urllib3.connection.HTTPSConnection object at 0x000002419E4CA280>: Failed to resolve 'api.github.com' ([Errno 11001] getaddrinfo failed)"))
2026-06-15 18:26:24 | WARNING  | profile.github_fetcher - Request failed (attempt 1/4): HTTPSConnectionPool(host='api.github.com', port=443): Max retries exceeded with url: /users/MohammedAymen (Caused by NameResolutionError("<urllib3.connection.HTTPSConnection object at 0x000002419E4CA5E0>: Failed to resolve 'api.github.com' ([Errno 11001] getaddrinfo failed)")). Retrying in 1s...
2026-06-15 18:26:25 | WARNING  | profile.github_fetcher - Request failed (attempt 2/4): HTTPSConnectionPool(host='api.github.com', port=443): Max retries exceeded with url: /users/MohammedAymen (Caused by NameResolutionError("<urllib3.connection.HTTPSConnection object at 0x000002419E4ABF40>: Failed to resolve 'api.github.com' ([Errno 11001] getaddrinfo failed)")). Retrying in 2s...
2026-06-15 18:26:27 | WARNING  | profile.github_fetcher - Request failed (attempt 3/4): HTTPSConnectionPool(host='api.github.com', port=443): Max retries exceeded with url: /users/MohammedAymen (Caused by NameResolutionError("<urllib3.connection.HTTPSConnection object at 0x000002419E4ABA60>: Failed to resolve 'api.github.com' ([Errno 11001] getaddrinfo failed)")). Retrying in 4s...
2026-06-15 18:26:31 | ERROR    | profile.github_fetcher - Request failed after 3 retries: HTTPSConnectionPool(host='api.github.com', port=443): Max retries exceeded with url: /users/MohammedAymen (Caused by NameResolutionError("<urllib3.connection.HTTPSConnection object at 0x000002419E4AB310>: Failed to resolve 'api.github.com' ([Errno 11001] getaddrinfo failed)"))
2026-06-15 18:26:31 | ERROR    | profile.github_fetcher - Could not fetch profile for @MohammedAymen
2026-06-15 18:26:31 | INFO     | __main__ - Loaded 0 chunks from GitHub
2026-06-15 18:26:31 | DEBUG    | profile.embedder - Nomic model detected: auto-applying search_document:/search_query: prefixes
2026-06-15 18:26:31 | INFO     | profile.embedder - Loading embedding model: nomic-ai/nomic-embed-text-v1.5
2026-06-15 18:27:34 | INFO     | __main__ - ==================================================
2026-06-15 18:27:34 | INFO     | __main__ - Step 1: Preparing profile documents (CV + GitHub)
2026-06-15 18:27:34 | INFO     | __main__ - ==================================================
2026-06-15 18:27:34 | INFO     | profile.cv_parser - CV extracted via PyMuPDF: 3593 chars
2026-06-15 18:27:34 | INFO     | profile.cv_parser - CV split into 9 chunks (chunk_size=500, overlap=100)
2026-06-15 18:27:34 | INFO     | __main__ - Loaded 9 chunks from CV
2026-06-15 18:27:34 | INFO     | profile.github_fetcher - GitHub fetcher initialized with token (REST: 5000/hour, GraphQL enabled)
2026-06-15 18:27:34 | INFO     | profile.github_fetcher - Fetching GitHub data for @MohammedAymen...
2026-06-15 18:27:36 | ERROR    | profile.github_fetcher - GraphQL errors: [{'type': 'INSUFFICIENT_SCOPES', 'locations': [{'line': 10, 'column': 9}], 'message': "Your token has not been granted the required scopes to execute this query. The 'email' field requires one of the following scopes: ['user:email', 'read:user'], but your token has only been granted the: ['admin:org', 'public_repo', 'read:public_key', 'repo:invite', 'security_events'] scopes. Please modify your token's scopes at: https://github.com/settings/tokens."}]
2026-06-15 18:27:36 | INFO     | profile.github_fetcher - Fetched 7 top repos out of 7 own repos for @MohammedAymen
2026-06-15 18:27:38 | INFO     | profile.github_fetcher - Generated 9 chunks from GitHub profile for @MohammedAymen
2026-06-15 18:27:38 | INFO     | __main__ - Loaded 9 chunks from GitHub
2026-06-15 18:27:38 | DEBUG    | profile.embedder - Nomic model detected: auto-applying search_document:/search_query: prefixes
2026-06-15 18:27:38 | INFO     | profile.embedder - Loading embedding model: nomic-ai/nomic-embed-text-v1.5
2026-06-15 18:30:53 | INFO     | __main__ - ==================================================
2026-06-15 18:30:53 | INFO     | __main__ - Step 1: Preparing profile documents (CV + GitHub)
2026-06-15 18:30:53 | INFO     | __main__ - ==================================================
2026-06-15 18:30:53 | INFO     | profile.cv_parser - CV extracted via PyMuPDF: 3593 chars
2026-06-15 18:30:53 | INFO     | profile.cv_parser - CV split into 9 chunks (chunk_size=500, overlap=100)
2026-06-15 18:30:53 | INFO     | __main__ - Loaded 9 chunks from CV
2026-06-15 18:30:53 | INFO     | profile.github_fetcher - GitHub fetcher initialized with token (REST: 5000/hour, GraphQL enabled)
2026-06-15 18:30:53 | INFO     | profile.github_fetcher - Fetching GitHub data for @MohammedAymen...
2026-06-15 18:30:55 | ERROR    | profile.github_fetcher - GraphQL errors: [{'type': 'INSUFFICIENT_SCOPES', 'locations': [{'line': 10, 'column': 9}], 'message': "Your token has not been granted the required scopes to execute this query. The 'email' field requires one of the following scopes: ['user:email', 'read:user'], but your token has only been granted the: ['admin:org', 'public_repo', 'read:public_key', 'repo:invite', 'security_events'] scopes. Please modify your token's scopes at: https://github.com/settings/tokens."}]
2026-06-15 18:30:55 | INFO     | profile.github_fetcher - Fetched 7 top repos out of 7 own repos for @MohammedAymen
2026-06-15 18:30:57 | INFO     | profile.github_fetcher - Generated 9 chunks from GitHub profile for @MohammedAymen
2026-06-15 18:30:57 | INFO     | __main__ - Loaded 9 chunks from GitHub
2026-06-15 18:30:57 | DEBUG    | profile.embedder - Nomic model detected: auto-applying search_document:/search_query: prefixes
2026-06-15 18:30:57 | INFO     | profile.embedder - Loading embedding model: nomic-ai/nomic-embed-text-v1.5
2026-06-15 18:33:53 | INFO     | profile.embedder - Persisting ChromaDB to: D:\CVMATCH\data\chroma_db
2026-06-15 18:33:55 | INFO     | profile.embedder - Using ChromaDB collection 'profile_chunks' (0 existing chunks)
2026-06-15 18:33:55 | INFO     | profile.embedder - Embedding 18 chunks (model=nomic-ai/nomic-embed-text-v1.5)...
2026-06-15 18:37:42 | INFO     | __main__ - ==================================================
2026-06-15 18:37:42 | INFO     | __main__ - Step 1: Preparing profile documents (CV + GitHub)
2026-06-15 18:37:42 | INFO     | __main__ - ==================================================
2026-06-15 18:37:42 | INFO     | profile_data.cv_parser - CV extracted via PyMuPDF: 3593 chars
2026-06-15 18:37:42 | INFO     | profile_data.cv_parser - CV split into 9 chunks (chunk_size=500, overlap=100)
2026-06-15 18:37:42 | INFO     | __main__ - Loaded 9 chunks from CV
2026-06-15 18:37:42 | INFO     | profile_data.github_fetcher - GitHub fetcher initialized with token (REST: 5000/hour, GraphQL enabled)
2026-06-15 18:37:42 | INFO     | profile_data.github_fetcher - Fetching GitHub data for @MohammedAymen...
2026-06-15 18:37:45 | ERROR    | profile_data.github_fetcher - GraphQL errors: [{'type': 'INSUFFICIENT_SCOPES', 'locations': [{'line': 10, 'column': 9}], 'message': "Your token has not been granted the required scopes to execute this query. The 'email' field requires one of the following scopes: ['user:email', 'read:user'], but your token has only been granted the: ['admin:org', 'public_repo', 'read:public_key', 'repo:invite', 'security_events'] scopes. Please modify your token's scopes at: https://github.com/settings/tokens."}]
2026-06-15 18:37:46 | INFO     | profile_data.github_fetcher - Fetched 7 top repos out of 7 own repos for @MohammedAymen
2026-06-15 18:37:47 | INFO     | profile_data.github_fetcher - Generated 9 chunks from GitHub profile for @MohammedAymen
2026-06-15 18:37:48 | INFO     | __main__ - Loaded 9 chunks from GitHub
2026-06-15 18:37:48 | DEBUG    | profile_data.embedder - Nomic model detected: auto-applying search_document:/search_query: prefixes
2026-06-15 18:37:48 | INFO     | profile_data.embedder - Loading embedding model: nomic-ai/nomic-embed-text-v1.5
2026-06-15 18:38:01 | INFO     | profile_data.embedder - Persisting ChromaDB to: D:\CVMATCH\data\chroma_db
2026-06-15 18:38:02 | DEBUG    | profile_data.embedder - Deleted existing collection 'profile_chunks' (reset_collection=True)
2026-06-15 18:38:02 | INFO     | profile_data.embedder - Using ChromaDB collection 'profile_chunks' (0 existing chunks)
2026-06-15 18:38:02 | INFO     | profile_data.embedder - Embedding 18 chunks (model=nomic-ai/nomic-embed-text-v1.5)...
2026-06-15 18:38:21 | INFO     | profile_data.embedder - Stored 18 embeddings in ChromaDB (collection now has 18)
2026-06-15 18:38:21 | INFO     | profile_data.embedder - Profile embeddings built: 18 chunks total
2026-06-15 18:38:21 | INFO     | __main__ - Profile embeddings built from scratch.
2026-06-15 18:38:21 | INFO     | __main__ - Collection stats: {'collection_name': 'profile_chunks', 'total_chunks': 18, 'embedding_model': 'nomic-ai/nomic-embed-text-v1.5', 'embedding_dim': None, 'persist_directory': 'D:\\CVMATCH\\data\\chroma_db'}
2026-06-15 18:38:21 | INFO     | __main__ - ==================================================
2026-06-15 18:38:21 | INFO     | __main__ - Step 2: Scraping jobs from Wuzzuf
2026-06-15 18:38:21 | INFO     | __main__ - ==================================================
2026-06-15 18:38:34 | INFO     | collectors.base - [wuzzuf] Browser launched (headless=False)
2026-06-15 18:38:36 | INFO     | collectors.wuzzuff - [wuzzuf] Navigate to: https://wuzzuf.net/search/jobs?q=python&l=egypt
2026-06-15 18:38:43 | DEBUG    | collectors.base - [wuzzuf] Sleeping 8.0s...
2026-06-15 18:38:51 | INFO     | collectors.wuzzuff - [wuzzuf] Scraping page 1...
2026-06-15 18:39:01 | DEBUG    | collectors.base - [wuzzuf] Sleeping 4.7s...
2026-06-15 18:39:06 | DEBUG    | collectors.base - [wuzzuf] Sleeping 8.1s...
2026-06-15 18:39:14 | DEBUG    | collectors.base - [wuzzuf] Sleeping 4.5s...
2026-06-15 18:39:19 | DEBUG    | collectors.wuzzuff - Added job: Backend Developer (python) at Electro Pi -
2026-06-15 18:39:29 | DEBUG    | collectors.base - [wuzzuf] Sleeping 8.0s...
2026-06-15 18:39:37 | DEBUG    | collectors.base - [wuzzuf] Sleeping 8.3s...
2026-06-15 18:39:45 | DEBUG    | collectors.base - [wuzzuf] Sleeping 4.7s...
2026-06-15 18:39:50 | DEBUG    | collectors.wuzzuff - Added job: Middle FullStack (Python) Developer at Vertex Technologies -
2026-06-15 18:40:00 | DEBUG    | collectors.base - [wuzzuf] Sleeping 4.3s...
2026-06-15 18:40:04 | DEBUG    | collectors.base - [wuzzuf] Sleeping 5.1s...
2026-06-15 18:40:09 | DEBUG    | collectors.base - [wuzzuf] Sleeping 5.7s...
2026-06-15 18:40:15 | DEBUG    | collectors.wuzzuff - Added job: Python - Djnago backend developer at Aldughairi -
2026-06-15 18:40:25 | DEBUG    | collectors.base - [wuzzuf] Sleeping 4.7s...
2026-06-15 18:40:30 | DEBUG    | collectors.base - [wuzzuf] Sleeping 4.5s...
2026-06-15 18:40:35 | DEBUG    | collectors.base - [wuzzuf] Sleeping 5.7s...
2026-06-15 18:40:41 | DEBUG    | collectors.wuzzuff - Added job: Automation Engineer (N8N + Python) at MyClicx LLC -
2026-06-15 18:40:50 | DEBUG    | collectors.base - [wuzzuf] Sleeping 5.5s...
2026-06-15 18:40:55 | DEBUG    | collectors.base - [wuzzuf] Sleeping 5.0s...
2026-06-15 18:41:00 | DEBUG    | collectors.base - [wuzzuf] Sleeping 5.3s...
2026-06-15 18:41:06 | DEBUG    | collectors.wuzzuff - Added job: AI & Automation Developer (Python) at Injaz Digital -
2026-06-15 18:41:18 | DEBUG    | collectors.base - [wuzzuf] Sleeping 4.5s...
2026-06-15 18:41:23 | DEBUG    | collectors.base - [wuzzuf] Sleeping 8.4s...
2026-06-15 18:41:31 | DEBUG    | collectors.base - [wuzzuf] Sleeping 4.5s...
2026-06-15 18:41:36 | DEBUG    | collectors.wuzzuff - Added job: Python Developer (AI Integration) at The National Company for Fertilizers and Chemical Industries -
2026-06-15 18:41:46 | DEBUG    | collectors.base - [wuzzuf] Sleeping 4.8s...
2026-06-15 18:41:51 | DEBUG    | collectors.base - [wuzzuf] Sleeping 7.0s...
2026-06-15 18:41:58 | DEBUG    | collectors.base - [wuzzuf] Sleeping 4.3s...
2026-06-15 18:42:02 | DEBUG    | collectors.wuzzuff - Added job: Junior Python - Django Full-Stack Developer at Software House Solution -
2026-06-15 18:42:22 | DEBUG    | collectors.base - [wuzzuf] Sleeping 7.0s...
2026-06-15 18:42:29 | DEBUG    | collectors.base - [wuzzuf] Sleeping 5.9s...
2026-06-15 18:42:35 | DEBUG    | collectors.base - [wuzzuf] Sleeping 4.7s...
2026-06-15 18:42:40 | DEBUG    | collectors.wuzzuff - Added job: Senior IOT Developer at Efada Technology -
2026-06-15 18:42:51 | DEBUG    | collectors.base - [wuzzuf] Sleeping 4.8s...
2026-06-15 18:42:56 | DEBUG    | collectors.base - [wuzzuf] Sleeping 7.9s...
2026-06-15 18:43:04 | DEBUG    | collectors.base - [wuzzuf] Sleeping 3.5s...
2026-06-15 18:43:08 | DEBUG    | collectors.wuzzuff - Added job: Senior VAS Engineer at Efada Technology -
2026-06-15 18:43:18 | DEBUG    | collectors.base - [wuzzuf] Sleeping 7.2s...
2026-06-15 18:43:25 | DEBUG    | collectors.base - [wuzzuf] Sleeping 4.9s...
2026-06-15 18:43:30 | DEBUG    | collectors.base - [wuzzuf] Sleeping 4.6s...
2026-06-15 18:43:35 | DEBUG    | collectors.wuzzuff - Added job: Devops Engineer at Confidential -
2026-06-15 18:43:35 | INFO     | collectors.wuzzuff - [wuzzuf] Total jobs collected: 10
2026-06-15 18:43:36 | INFO     | __main__ - Scraped 10 jobs
2026-06-15 18:43:37 | INFO     | collectors.base - [wuzzuf] Browser closed
2026-06-15 18:43:37 | INFO     | __main__ - ==================================================
2026-06-15 18:43:37 | INFO     | __main__ - Step 3: Matching jobs with profile
2026-06-15 18:43:37 | INFO     | __main__ - ==================================================
2026-06-15 18:43:46 | INFO     | __main__ - Done.
